10
6.9453 -95.8262
110.144 -193.373
-51.3146 -144.535
-362.539 383.411
492.546 -179.368
-26.0708 477.124
-449.408 -116.933
-5.65128 9.34953
330.258 43.232
59.0083 -227.674
